🚀 Avvio monitoraggio prezzi
   Intervallo: ogni 30 minuti
   Soglia sconto: 90%
   Prodotti monitorati: 2
   Premi Ctrl+C per fermare


============================================================
🔍 Controllo prezzi - 09/08/2026 12:40:12
============================================================
  → Controllo: Lefant M5 Pro Robot
  → Controllo: dreame L40 Ultra AE Robot
  ⚠️  Lefant M5 Pro Robot: Prezzo attuale non trovato con il selettore specificato
  📦 dreame L40 Ultra AE Robot: €399.0 (originale €699.0) - Sconto 42.92%

  😴 Nessuna offerta con sconto ≥ 90% in questo momento.

============================================================
🔍 Controllo prezzi - 09/08/2026 13:10:21
============================================================
  → Controllo: Lefant M5 Pro Robot
  → Controllo: dreame L40 Ultra AE Robot
  ⚠️  Lefant M5 Pro Robot: Prezzo attuale non trovato con il selettore specificato
  📦 dreame L40 Ultra AE Robot: €399.0 (originale €699.0) - Sconto 42.92%

  😴 Nessuna offerta con sconto ≥ 90% in questo momento.

============
============================================================
🔍 Controllo prezzi - 09/08/2026 22:24:08
============================================================
  → Controllo: Lefant M5 Pro Robot
  → Controllo: dreame L40 Ultra AE Robot
  ⚠️  Lefant M5 Pro Robot: Prezzo attuale non trovato con il selettore specificato
  ⚠️  dreame L40 Ultra AE Robot: Prezzo attuale non trovato con il selettore specificato

  😴 Nessuna offerta con sconto ≥ 90% in questo momento.

============================================================
🔍 Controllo prezzi - 09/08/2026 22:54:14
============================================================
  → Controllo: Lefant M5 Pro Robot
  → Controllo: dreame L40 Ultra AE Robot
  ⚠️  Lefant M5 Pro Robot: Prezzo attuale non trovato con il selettore specificato
  ⚠️  dreame L40 Ultra AE Robot: Prezzo attuale non trovato con il selettore specificato

  😴 Nessuna offerta con sconto ≥ 90% in questo momento.
===================================
🔍 Controllo prezzi - 09/08/2026 14:58:41
============================================================
  → Controllo: Lefant M5 Pro Robot
  → Controllo: dreame L40 Ultra AE Robot
  ⚠️  Lefant M5 Pro Robot: Prezzo attuale non trovato con il selettore specificato
  📦 dreame L40 Ultra AE Robot: €399.0 (originale €699.0) - Sconto 42.92%

  😴 Nessuna offerta con sconto ≥ 90% in questo momento.

============================================================
🔍 Controllo prezzi - 09/08/2026 15:37:55
============================================================
  → Controllo: Lefant M5 Pro Robot
  → Controllo: dreame L40 Ultra AE Robot
  ⚠️  Lefant M5 Pro Robot: Prezzo attuale non trovato con il selettore specificato
  📦 dreame L40 Ultra AE Robot: €399.0 (originale €699.0) - Sconto 42.92%

  😴 Nessuna offerta con sconto ≥ 90% in questo momento.

============================================================
🔍 Controllo prezzi - 09/08/2026 16:15:04
============================================================
  → Controllo: Lefant M5 Pro Robot
  → Controllo: dreame L40 Ultra AE Robot
  ⚠️  Lefant M5 Pro Robot: Prezzo attuale non trovato con il selettore specificato
  📦 dreame L40 Ultra AE Robot: €399.0 (originale €699.0) - Sconto 42.92%

  😴 Nessuna offerta con sconto ≥ 90% in questo momento.

============================================================
🔍 Controllo prezzi - 09/08/2026 16:45:10
============================================================
  → Controllo: Lefant M5 Pro Robot
  → Controllo: dreame L40 Ultra AE Robot
  ⚠️  Lefant M5 Pro Robot: Prezzo attuale non trovato con il selettore specificato
  📦 dreame L40 Ultra AE Robot: €399.0 (originale €699.0) - Sconto 42.92%

  😴 Nessuna offerta con sconto ≥ 90% in questo momento.

============================================================
🔍 Controllo prezzi - 09/08/2026 17:21:22
============================================================
  → Controllo: Lefant M5 Pro Robot
  → Controllo: dreame L40 Ultra AE Robot
  ⚠️  Lefant M5 Pro Robot: Prezzo attuale non trovato con il selettore specificato
  ⚠️  dreame L40 Ultra AE Robot: Prezzo attuale non trovato con il selettore specificato

  😴 Nessuna offerta con sconto ≥ 90% in questo momento.

============================================================
🔍 Controllo prezzi - 09/08/2026 18:01:19
============================================================
  → Controllo: Lefant M5 Pro Robot
  → Controllo: dreame L40 Ultra AE Robot
  ⚠️  Lefant M5 Pro Robot: Prezzo attuale non trovato con il selettore specificato
  ⚠️  dreame L40 Ultra AE Robot: Prezzo attuale non trovato con il selettore specificato

  😴 Nessuna offerta con sconto ≥ 90% in questo momento.

============================================================
🔍 Controllo prezzi - 09/08/2026 18:42:35
============================================================
  → Controllo: Lefant M5 Pro Robot
  → Controllo: dreame L40 Ultra AE Robot
  ⚠️  Lefant M5 Pro Robot: Prezzo attuale non trovato con il selettore specificato
  📦 dreame L40 Ultra AE Robot: €399.0 (originale €699.0) - Sconto 42.92%

  😴 Nessuna offerta con sconto ≥ 90% in questo momento.

============================================================
🔍 Controllo prezzi - 09/08/2026 19:15:06
============================================================
  → Controllo: Lefant M5 Pro Robot
  → Controllo: dreame L40 Ultra AE Robot
  ⚠️  Lefant M5 Pro Robot: Prezzo attuale non trovato con il selettore specificato
  ⚠️  dreame L40 Ultra AE Robot: Prezzo attuale non trovato con il selettore specificato

  😴 Nessuna offerta con sconto ≥ 90% in questo momento.

============================================================
🔍 Controllo prezzi - 09/08/2026 19:52:14
============================================================
  → Controllo: Lefant M5 Pro Robot
  → Controllo: dreame L40 Ultra AE Robot
  ⚠️  Lefant M5 Pro Robot: Prezzo attuale non trovato con il selettore specificato
  📦 dreame L40 Ultra AE Robot: €399.0 (originale €699.0) - Sconto 42.92%

  😴 Nessuna offerta con sconto ≥ 90% in questo momento.

============================================================
🔍 Controllo prezzi - 09/08/2026 20:38:41
============================================================
  → Controllo: Lefant M5 Pro Robot
  → Controllo: dreame L40 Ultra AE Robot
  ⚠️  Lefant M5 Pro Robot: Prezzo attuale non trovato con il selettore specificato
  📦 dreame L40 Ultra AE Robot: €399.0 (originale €699.0) - Sconto 42.92%

  😴 Nessuna offerta con sconto ≥ 90% in questo momento.

============================================================
🔍 Controllo prezzi - 09/08/2026 21:08:47
============================================================
  → Controllo: Lefant M5 Pro Robot
  → Controllo: dreame L40 Ultra AE Robot
  ⚠️  Lefant M5 Pro Robot: Prezzo attuale non trovato con il selettore specificato
  📦 dreame L40 Ultra AE Robot: €399.0 (originale €699.0) - Sconto 42.92%

  😴 Nessuna offerta con sconto ≥ 90% in questo momento.

============================================================
🔍 Controllo prezzi - 09/08/2026 21:38:54
============================================================
  → Controllo: Lefant M5 Pro Robot
  → Controllo: dreame L40 Ultra AE Robot
  ⚠️  Lefant M5 Pro Robot: Prezzo attuale non trovato con il selettore specificato
  ⚠️  dreame L40 Ultra AE Robot: Prezzo attuale non trovato con il selettore specificato

  😴 Nessuna offerta con sconto ≥ 90% in questo momento.

============================================================
🔍 Controllo prezzi - 09/08/2026 22:09:00
============================================================
  → Controllo: Lefant M5 Pro Robot
  → Controllo: dreame L40 Ultra AE Robot
  ⚠️  Lefant M5 Pro Robot: Prezzo attuale non trovato con il selettore specificato
0 Ultra AE Robot
